// Jest Snapshot v1, https://goo.gl/fbAQLP

exports[`Test <HomeScreen/> it must be displayed correctly 1`] = `
<core__ContainerStyle
  m="5"
>
  <core__PanelStyle
    bg="#1E90FF"
    borderRadius={10}
    color="#ffff"
    p={5}
  >
    <core__TextStyle
      fontSize="60px"
      fontWeight="bold"
      textAlign="center"
      textShadow="2px 2px 4px #000000"
    >
      Welcome to the Notes App
    </core__TextStyle>
  </core__PanelStyle>
</core__ContainerStyle>
`;
